[    0.000000] Linux version 4.15.0-38-generic (buildd@lcy01-amd64-023) (gcc version 7.3.0 (Ubuntu 7.3.0-16ubuntu3)) #41-Ubuntu SMP Wed Oct 10 10:59:38 UTC 2018 (Ubuntu 4.15.0-38.41-generic 4.15.18)
[    0.000000] Command line: BOOT_IMAGE=/boot/vmlinuz-4.15.0-38-generic root=LABEL=cloudimg-rootfs ro console=tty1 console=ttyS0
[    0.000000] KERNEL supported cpus:
[    0.000000]   Intel GenuineIntel
[    0.000000]   AMD AuthenticAMD
[    0.000000]   Centaur CentaurHauls
[    0.000000] x86/fpu: Supporting XSAVE feature 0x001: 'x87 floating point registers'
[    0.000000] x86/fpu: Supporting XSAVE feature 0x002: 'SSE registers'
[    0.000000] x86/fpu: Supporting XSAVE feature 0x004: 'AVX registers'
[    0.000000] x86/fpu: xstate_offset[2]:  576, xstate_sizes[2]:  256
[    0.000000] x86/fpu: Enabled xstate features 0x7, context size is 832 bytes, using 'standard' format.
[    0.000000] e820: BIOS-provided physical RAM map:
[    0.000000] BIOS-e820: [mem 0x0000000000000000-0x000000000009fbff] usable
[    0.000000] BIOS-e820: [mem 0x000000000009fc00-0x000000000009ffff] reserved
[    0.000000] BIOS-e820: [mem 0x00000000000f0000-0x00000000000fffff] reserved
[    0.000000] BIOS-e820: [mem 0x0000000000100000-0x000000007ffeffff] usable
[    0.000000] BIOS-e820: [mem 0x000000007fff0000-0x000000007fffffff] ACPI data
[    0.000000] BIOS-e820: [mem 0x00000000fec00000-0x00000000fec00fff] reserved
[    0.000000] BIOS-e820: [mem 0x00000000fee00000-0x00000000fee00fff] reserved
[    0.000000] BIOS-e820: [mem 0x00000000fffc0000-0x00000000ffffffff] reserved
[    0.000000] NX (Execute Disable) protection: active
[    0.000000] SMBIOS 2.5 present.
[    0.000000] DMI: innotek GmbH VirtualBox/VirtualBox, BIOS VirtualBox 12/01/2006
[    0.000000] Hypervisor detected: KVM
[    0.000000] e820: last_pfn = 0x7fff0 max_arch_pfn = 0x400000000
[    0.000000] MTRR: Disabled
[    0.000000] x86/PAT: MTRRs disabled, skipping PAT initialization too.
[    0.000000] CPU MTRRs all blank - virtualized system.
[    0.000000] x86/PAT: Configuration [0-7]: WB  WT  UC- UC  WB  WT  UC- UC  
[    0.000000] found SMP MP-table at [mem 0x0009fff0-0x0009ffff] mapped at [        (ptrval)]
[    0.000000] Scanning 1 areas for low memory corruption
[    0.000000] RAMDISK: [mem 0x35ae3000-0x36d68fff]
[    0.000000] ACPI: Early table checksum verification disabled
[    0.000000] ACPI: RSDP 0x00000000000E0000 000024 (v02 VBOX  )
[    0.000000] ACPI: XSDT 0x000000007FFF0030 00003C (v01 VBOX   VBOXXSDT 00000001 ASL  00000061)
[    0.000000] ACPI: FACP 0x000000007FFF00F0 0000F4 (v04 VBOX   VBOXFACP 00000001 ASL  00000061)
[    0.000000] ACPI: DSDT 0x000000007FFF0470 0021FF (v02 VBOX   VBOXBIOS 00000002 INTL 20100528)
[    0.000000] ACPI: FACS 0x000000007FFF0200 000040
[    0.000000] ACPI: FACS 0x000000007FFF0200 000040
[    0.000000] ACPI: APIC 0x000000007FFF0240 000054 (v02 VBOX   VBOXAPIC 00000001 ASL  00000061)
[    0.000000] ACPI: SSDT 0x000000007FFF02A0 0001CC (v01 VBOX   VBOXCPUT 00000002 INTL 20100528)
[    0.000000] No NUMA configuration found
[    0.000000] Faking a node at [mem 0x0000000000000000-0x000000007ffeffff]
[    0.000000] NODE_DATA(0) allocated [mem 0x7ffc5000-0x7ffeffff]
[    0.000000] kvm-clock: cpu 0, msr 0:7ff44001, primary cpu clock
[    0.000000] kvm-clock: Using msrs 4b564d01 and 4b564d00
[    0.000000] kvm-clock: using sched offset of 6731011936 cycles
[    0.000000] clocksource: kvm-clock: mask: 0xffffffffffffffff max_cycles: 0x1cd42e4dffb, max_idle_ns: 881590591483 ns
[    0.000000] Zone ranges:
[    0.000000]   DMA      [mem 0x0000000000001000-0x0000000000ffffff]
[    0.000000]   DMA32    [mem 0x0000000001000000-0x000000007ffeffff]
[    0.000000]   Normal   empty
[    0.000000]   Device   empty
[    0.000000] Movable zone start for each node
[    0.000000] Early memory node ranges
[    0.000000]   node   0: [mem 0x0000000000001000-0x000000000009efff]
[    0.000000]   node   0: [mem 0x0000000000100000-0x000000007ffeffff]
[    0.000000] Initmem setup node 0 [mem 0x0000000000001000-0x000000007ffeffff]
[    0.000000] Reserved but unavailable: 98 pages
[    0.000000] ACPI: PM-Timer IO Port: 0x4008
[    0.000000] IOAPIC[0]: apic_id 1, version 32, address 0xfec00000, GSI 0-23
[    0.000000] ACPI: INT_SRC_OVR (bus 0 bus_irq 0 global_irq 2 dfl dfl)
[    0.000000] ACPI: INT_SRC_OVR (bus 0 bus_irq 9 global_irq 9 low level)
[    0.000000] Using ACPI (MADT) for SMP configuration information
[    0.000000] smpboot: Allowing 1 CPUs, 0 hotplug CPUs
[    0.000000] PM: Registered nosave memory: [mem 0x00000000-0x00000fff]
[    0.000000] PM: Registered nosave memory: [mem 0x0009f000-0x0009ffff]
[    0.000000] PM: Registered nosave memory: [mem 0x000a0000-0x000effff]
[    0.000000] PM: Registered nosave memory: [mem 0x000f0000-0x000fffff]
[    0.000000] e820: [mem 0x80000000-0xfebfffff] available for PCI devices
[    0.000000] Booting paravirtualized kernel on KVM
[    0.000000] clocksource: refined-jiffies: mask: 0xffffffff max_cycles: 0xffffffff, max_idle_ns: 7645519600211568 ns
[    0.000000] random: get_random_bytes called from start_kernel+0x99/0x4fd with crng_init=0
[    0.000000] setup_percpu: NR_CPUS:8192 nr_cpumask_bits:1 nr_cpu_ids:1 nr_node_ids:1
[    0.000000] percpu: Embedded 46 pages/cpu @        (ptrval) s151552 r8192 d28672 u2097152
[    0.000000] PV qspinlock hash table entries: 256 (order: 0, 4096 bytes)
[    0.000000] Built 1 zonelists, mobility grouping on.  Total pages: 515961
[    0.000000] Policy zone: DMA32
[    0.000000] Kernel command line: BOOT_IMAGE=/boot/vmlinuz-4.15.0-38-generic root=LABEL=cloudimg-rootfs ro console=tty1 console=ttyS0
[    0.000000] Memory: 2015992K/2096696K available (12300K kernel code, 2472K rwdata, 4248K rodata, 2408K init, 2416K bss, 80704K reserved, 0K cma-reserved)
[    0.000000] SLUB: HWalign=64, Order=0-3, MinObjects=0, CPUs=1, Nodes=1
[    0.000000] Kernel/User page tables isolation: enabled
[    0.000000] ftrace: allocating 39175 entries in 154 pages
[    0.004000] Hierarchical RCU implementation.
[    0.004000] 	RCU restricting CPUs from NR_CPUS=8192 to nr_cpu_ids=1.
[    0.004000] 	Tasks RCU enabled.
[    0.004000] RCU: Adjusting geometry for rcu_fanout_leaf=16, nr_cpu_ids=1
[    0.004000] NR_IRQS: 524544, nr_irqs: 256, preallocated irqs: 16
[    0.004000] Console: colour VGA+ 80x25
[    0.004000] console [tty1] enabled
[    0.004000] console [ttyS0] enabled
[    0.004000] ACPI: Core revision 20170831
[    0.004000] ACPI: 2 ACPI AML tables successfully acquired and loaded
[    0.004000] APIC: Switch to symmetric I/O mode setup
[    0.004000] x2apic enabled
[    0.004000] Switched APIC routing to physical x2apic.
[    0.004860] ..TIMER: vector=0x30 apic1=0 pin1=2 apic2=-1 pin2=-1
[    0.008006] tsc: Detected 2808.000 MHz processor
[    0.012012] Calibrating delay loop (skipped) preset value.. 5616.00 BogoMIPS (lpj=11232000)
[    0.016007] pid_max: default: 32768 minimum: 301
[    0.020042] Security Framework initialized
[    0.024007] Yama: becoming mindful.
[    0.028036] AppArmor: AppArmor initialized
[    0.038004] Dentry cache hash table entries: 262144 (order: 9, 2097152 bytes)
[    0.044039] Inode-cache hash table entries: 131072 (order: 8, 1048576 bytes)
[    0.048063] Mount-cache hash table entries: 4096 (order: 3, 32768 bytes)
[    0.052018] Mountpoint-cache hash table entries: 4096 (order: 3, 32768 bytes)
[    0.056214] mce: CPU supports 0 MCE banks
[    0.060017] process: using mwait in idle threads
[    0.068009] Last level iTLB entries: 4KB 64, 2MB 8, 4MB 8
[    0.072007] Last level dTLB entries: 4KB 64, 2MB 0, 4MB 0, 1GB 4
[    0.076007] Spectre V2 : Mitigation: Full generic retpoline
[    0.080006] Spectre V2 : Spectre v2 / SpectreRSB mitigation: Filling RSB on context switch
[    0.084006] Speculative Store Bypass: Vulnerable
[    0.101352] Freeing SMP alternatives memory: 36K
[    0.108000] smpboot: CPU0: Intel(R) Core(TM) i7-7700HQ CPU @ 2.80GHz (family: 0x6, model: 0x9e, stepping: 0x9)
[    0.108096] Performance Events: unsupported p6 CPU model 158 no PMU driver, software events only.
[    0.112244] Hierarchical SRCU implementation.
[    0.116804] NMI watchdog: Perf event create on CPU 0 failed with -2
[    0.120006] NMI watchdog: Perf NMI watchdog permanently disabled
[    0.124066] smp: Bringing up secondary CPUs ...
[    0.128009] smp: Brought up 1 node, 1 CPU
[    0.132006] smpboot: Max logical packages: 1
[    0.136009] smpboot: Total of 1 processors activated (5616.00 BogoMIPS)
[    0.140224] devtmpfs: initialized
[    0.141189] x86/mm: Memory block size: 128MB
[    0.144344] evm: security.selinux
[    0.148012] evm: security.SMACK64
[    0.151482] evm: security.SMACK64EXEC
[    0.152006] evm: security.SMACK64TRANSMUTE
[    0.156006] evm: security.SMACK64MMAP
[    0.158709] evm: security.apparmor
[    0.160003] evm: security.ima
[    0.161144] evm: security.capability
[    0.164146] clocksource: jiffies: mask: 0xffffffff max_cycles: 0xffffffff, max_idle_ns: 7645041785100000 ns
[    0.168029] futex hash table entries: 256 (order: 2, 16384 bytes)
[    0.172099] pinctrl core: initialized pinctrl subsystem
[    0.180024] RTC time: 12:06:02, date: 11/14/18
[    0.182216] NET: Registered protocol family 16
[    0.184096] audit: initializing netlink subsys (disabled)
[    0.188343] cpuidle: using governor ladder
[    0.192018] audit: type=2000 audit(1542197167.493:1): state=initialized audit_enabled=0 res=1
[    0.196013] cpuidle: using governor menu
[    0.200067] ACPI: bus type PCI registered
[    0.204008] acpiphp: ACPI Hot Plug PCI Controller Driver version: 0.5
[    0.208155] PCI: Using configuration type 1 for base access
[    0.216057] HugeTLB registered 2.00 MiB page size, pre-allocated 0 pages
[    0.220229] ACPI: Added _OSI(Module Device)
[    0.224014] ACPI: Added _OSI(Processor Device)
[    0.225174] ACPI: Added _OSI(3.0 _SCP Extensions)
[    0.228002] ACPI: Added _OSI(Processor Aggregator Device)
[    0.229290] ACPI: Added _OSI(Linux-Dell-Video)
[    0.230309] ACPI: Added _OSI(Linux-Lenovo-NV-HDMI-Audio)
[    0.232377] ACPI: Executed 1 blocks of module-level executable AML code
[    0.238564] ACPI: Interpreter enabled
[    0.240024] ACPI: (supports S0 S5)
[    0.244008] ACPI: Using IOAPIC for interrupt routing
[    0.252263] PCI: Using host bridge windows from ACPI; if necessary, use "pci=nocrs" and report a bug
[    0.254303] ACPI: Enabled 2 GPEs in block 00 to 07
[    0.264495] ACPI: PCI Root Bridge [PCI0] (domain 0000 [bus 00-ff])
[    0.268019] acpi PNP0A03:00: _OSC: OS supports [ASPM ClockPM Segments MSI]
[    0.272050] acpi PNP0A03:00: _OSC: not requesting OS control; OS requires [ExtendedConfig ASPM ClockPM MSI]
[    0.276029] acpi PNP0A03:00: fail to add MMCONFIG information, can't access extended PCI configuration space under this bridge.
[    0.280461] PCI host bridge to bus 0000:00
[    0.284015] pci_bus 0000:00: root bus resource [io  0x0000-0x0cf7 window]
[    0.288013] pci_bus 0000:00: root bus resource [io  0x0d00-0xffff window]
[    0.292011] pci_bus 0000:00: root bus resource [mem 0x000a0000-0x000bffff window]
[    0.296012] pci_bus 0000:00: root bus resource [mem 0x80000000-0xfdffffff window]
[    0.300014] pci_bus 0000:00: root bus resource [bus 00-ff]
[    0.310165] pci 0000:00:01.1: legacy IDE quirk: reg 0x10: [io  0x01f0-0x01f7]
[    0.312014] pci 0000:00:01.1: legacy IDE quirk: reg 0x14: [io  0x03f6]
[    0.316011] pci 0000:00:01.1: legacy IDE quirk: reg 0x18: [io  0x0170-0x0177]
[    0.320011] pci 0000:00:01.1: legacy IDE quirk: reg 0x1c: [io  0x0376]
[    0.362225] pci 0000:00:07.0: quirk: [io  0x4000-0x403f] claimed by PIIX4 ACPI
[    0.364031] pci 0000:00:07.0: quirk: [io  0x4100-0x410f] claimed by PIIX4 SMB
[    0.396113] ACPI: PCI Interrupt Link [LNKA] (IRQs 5 9 10 *11)
[    0.400538] ACPI: PCI Interrupt Link [LNKB] (IRQs 5 9 *10 11)
[    0.404246] ACPI: PCI Interrupt Link [LNKC] (IRQs 5 *9 10 11)
[    0.408246] ACPI: PCI Interrupt Link [LNKD] (IRQs 5 9 10 *11)
[    0.410563] SCSI subsystem initialized
[    0.411831] pci 0000:00:02.0: vgaarb: setting as boot VGA device
[    0.412000] pci 0000:00:02.0: vgaarb: VGA device added: decodes=io+mem,owns=io+mem,locks=none
[    0.412014] pci 0000:00:02.0: vgaarb: bridge control possible
[    0.416010] vgaarb: loaded
[    0.416976] ACPI: bus type USB registered
[    0.418389] usbcore: registered new interface driver usbfs
[    0.420044] usbcore: registered new interface driver hub
[    0.424052] usbcore: registered new device driver usb
[    0.428082] EDAC MC: Ver: 3.0.0
[    0.429212] PCI: Using ACPI for IRQ routing
[    0.432342] NetLabel: Initializing
[    0.433188] NetLabel:  domain hash size = 128
[    0.434156] NetLabel:  protocols = UNLABELED CIPSOv4 CALIPSO
[    0.436028] NetLabel:  unlabeled traffic allowed by default
[    0.440206] clocksource: Switched to clocksource kvm-clock
[    0.463213] VFS: Disk quotas dquot_6.6.0
[    0.464591] VFS: Dquot-cache hash table entries: 512 (order 0, 4096 bytes)
[    0.466439] AppArmor: AppArmor Filesystem Enabled
[    0.467669] pnp: PnP ACPI init
[    0.469707] pnp: PnP ACPI: found 3 devices
[    0.476123] clocksource: acpi_pm: mask: 0xffffff max_cycles: 0xffffff, max_idle_ns: 2085701024 ns
[    0.490824] NET: Registered protocol family 2
[    0.493789] TCP established hash table entries: 16384 (order: 5, 131072 bytes)
[    0.496005] TCP bind hash table entries: 16384 (order: 6, 262144 bytes)
[    0.507367] TCP: Hash tables configured (established 16384 bind 16384)
[    0.511349] UDP hash table entries: 1024 (order: 3, 32768 bytes)
[    0.514528] UDP-Lite hash table entries: 1024 (order: 3, 32768 bytes)
[    0.517728] NET: Registered protocol family 1
[    0.518979] pci 0000:00:00.0: Limiting direct PCI/PCI transfers
[    0.520910] pci 0000:00:01.0: Activating ISA DMA hang workarounds
[    0.523035] pci 0000:00:02.0: Video device with shadowed ROM at [mem 0x000c0000-0x000dffff]
[    0.528529] Unpacking initramfs...
[    0.861127] Freeing initrd memory: 18968K
[    0.862436] platform rtc_cmos: registered platform RTC device (no PNP device found)
[    0.864307] Scanning for low memory corruption every 60 seconds
[    0.866032] Initialise system trusted keyrings
[    0.867156] Key type blacklist registered
[    0.868095] workingset: timestamp_bits=36 max_order=19 bucket_order=0
[    0.870579] zbud: loaded
[    0.873352] squashfs: version 4.0 (2009/01/31) Phillip Lougher
[    0.879024] fuse init (API version 7.26)
[    0.880597] Key type asymmetric registered
[    0.881536] Asymmetric key parser 'x509' registered
[    0.882741] Block layer SCSI generic (bsg) driver version 0.4 loaded (major 246)
[    0.884499] io scheduler noop registered
[    0.885475] io scheduler deadline registered
[    0.886598] io scheduler cfq registered (default)
[    0.888163] ACPI: AC Adapter [AC] (on-line)
[    0.889218] input: Power Button as /devices/LNXSYSTM:00/LNXPWRBN:00/input/input0
[    0.890940] ACPI: Power Button [PWRF]
[    0.891928] input: Sleep Button as /devices/LNXSYSTM:00/LNXSLPBN:00/input/input1
[    0.893860] ACPI: Sleep Button [SLPF]
[    0.896001] ACPI: Battery Slot [BAT0] (battery present)
[    0.897353] Serial: 8250/16550 driver, 32 ports, IRQ sharing enabled
[    0.923091] 00:02: ttyS0 at I/O 0x3f8 (irq = 4, base_baud = 115200) is a 16550A
[    0.926381] Linux agpgart interface v0.103
[    0.928163] loop: module loaded
[    0.929352] scsi host0: ata_piix
[    0.930170] scsi host1: ata_piix
[    0.931032] ata1: PATA max UDMA/33 cmd 0x1f0 ctl 0x3f6 bmdma 0xd000 irq 14
[    0.932525] ata2: PATA max UDMA/33 cmd 0x170 ctl 0x376 bmdma 0xd008 irq 15
[    0.936242] libphy: Fixed MDIO Bus: probed
[    0.937313] tun: Universal TUN/TAP device driver, 1.6
[    0.938882] PPP generic driver version 2.4.2
[    0.940339] ehci_hcd: USB 2.0 'Enhanced' Host Controller (EHCI) Driver
[    0.941987] ehci-pci: EHCI PCI platform driver
[    0.943050] ehci-platform: EHCI generic platform driver
[    0.944283] ohci_hcd: USB 1.1 'Open' Host Controller (OHCI) Driver
[    0.945729] ohci-pci: OHCI PCI platform driver
[    0.946782] ohci-platform: OHCI generic platform driver
[    0.947992] uhci_hcd: USB Universal Host Controller Interface driver
[    0.949534] i8042: PNP: PS/2 Controller [PNP0303:PS2K,PNP0f03:PS2M] at 0x60,0x64 irq 1,12
[    0.951801] serio: i8042 KBD port at 0x60,0x64 irq 1
[    0.954871] serio: i8042 AUX port at 0x60,0x64 irq 12
[    0.960748] mousedev: PS/2 mouse device common for all mice
[    0.962329] input: AT Translated Set 2 keyboard as /devices/platform/i8042/serio0/input/input2
[    0.964662] rtc_cmos rtc_cmos: rtc core: registered rtc_cmos as rtc0
[    0.966250] rtc_cmos rtc_cmos: alarms up to one day, 114 bytes nvram
[    0.967727] i2c /dev entries driver
[    0.968684] pcie_mp2_amd: AMD(R) PCI-E MP2 Communication Driver Version: 1.0
[    0.970554] device-mapper: uevent: version 1.0.3
[    0.971879] device-mapper: ioctl: 4.37.0-ioctl (2017-09-20) initialised: dm-devel@redhat.com
[    0.975502] ledtrig-cpu: registered to indicate activity on CPUs
[    0.977091] intel_pmc_core:  initialized
[    0.978752] NET: Registered protocol family 10
[    0.982043] Segment Routing with IPv6
[    0.983368] NET: Registered protocol family 17
[    0.984443] Key type dns_resolver registered
[    0.985539] RAS: Correctable Errors collector initialized.
[    0.986924] sched_clock: Marking stable (984392024, 0)->(4888994692, -3904602668)
[    0.989175] registered taskstats version 1
[    0.990158] Loading compiled-in X.509 certificates
[    0.992966] Loaded X.509 cert 'Build time autogenerated kernel key: f3a9ae7fdf18cf897e7c53db8499a9c1252f0be9'
[    0.997337] zswap: loaded using pool lzo/zbud
[    1.000739] Key type big_key registered
[    1.001936] Key type trusted registered
[    1.003989] Key type encrypted registered
[    1.006756] AppArmor: AppArmor sha1 policy hashing enabled
[    1.008057] ima: No TPM chip found, activating TPM-bypass! (rc=-19)
[    1.009575] ima: Allocated hash algorithm: sha1
[    1.010729] evm: HMAC attrs: 0x1
[    1.011811]   Magic number: 10:419:127
[    1.012753] acpi device:02: hash matches
[    1.013766] rtc_cmos rtc_cmos: setting system clock to 2018-11-14 12:06:03 UTC (1542197163)
[    1.015694] BIOS EDD facility v0.16 2004-Jun-25, 0 devices found
[    1.017153] EDD information not available.
[    1.097948] Freeing unused kernel memory: 2408K
[    1.108285] Write protecting the kernel read-only data: 20480k
[    1.109970] Freeing unused kernel memory: 2008K
[    1.113759] Freeing unused kernel memory: 1896K
[    1.119835] x86/mm: Checked W+X mappings: passed, no W+X pages found.
[    1.121641] x86/mm: Checking user space page tables
[    1.134111] x86/mm: Checked W+X mappings: passed, no W+X pages found.
Loading, please wait...
starting version 237
[    1.217738] e1000: Intel(R) PRO/1000 Network Driver - version 7.3.21-k8-NAPI
[    1.222225] e1000: Copyright (c) 1999-2006 Intel Corporation.
[    1.226987] Fusion MPT base driver 3.04.20
[    1.228430] Copyright (c) 1999-2008 LSI Corporation
[    1.243635] Fusion MPT SPI Host driver 3.04.20
[    1.266382] AVX2 version of gcm_enc/dec engaged.
[    1.269299] AES CTR mode by8 optimization enabled
[    1.274149] mptbase: ioc0: Initiating bringup
[    1.368385] ioc0: LSI53C1030 A0: Capabilities={Initiator}
[    1.445361] input: ImExPS/2 Generic Explorer Mouse as /devices/platform/i8042/serio1/input/input4
[    1.609181] scsi host2: ioc0: LSI53C1030 A0, FwRev=00000000h, Ports=1, MaxQ=256, IRQ=20
[    1.828545] scsi 2:0:0:0: Direct-Access     VBOX     HARDDISK         1.0  PQ: 0 ANSI: 5
[    1.838470] scsi target2:0:0: Beginning Domain Validation
[    1.843100] random: fast init done
[    1.845972] scsi target2:0:0: Domain Validation skipping write tests
[    1.849386] scsi target2:0:0: Ending Domain Validation
[    1.851207] scsi target2:0:0: asynchronous
[    1.853554] scsi 2:0:1:0: Direct-Access     VBOX     HARDDISK         1.0  PQ: 0 ANSI: 5
[    1.861613] scsi target2:0:1: Beginning Domain Validation
[    1.866615] scsi target2:0:1: Domain Validation skipping write tests
[    1.872929] scsi target2:0:1: Ending Domain Validation
[    1.875032] scsi target2:0:1: asynchronous
[    1.888469] tsc: Refined TSC clocksource calibration: 2808.315 MHz
[    1.903843] clocksource: tsc: mask: 0xffffffffffffffff max_cycles: 0x287aef8d050, max_idle_ns: 440795264864 ns
[    1.992035] sd 2:0:0:0: Attached scsi generic sg0 type 0
[    2.003524] sd 2:0:0:0: [sda] 20971520 512-byte logical blocks: (10.7 GB/10.0 GiB)
[    2.013317] random: systemd-udevd: uninitialized urandom read (16 bytes read)
[    2.015516] random: systemd-udevd: uninitialized urandom read (16 bytes read)
[    2.023052] sd 2:0:0:0: [sda] Write Protect is off
[    2.054392] random: systemd-udevd: uninitialized urandom read (16 bytes read)
[    2.089191] sd 2:0:1:0: Attached scsi generic sg1 type 0
[    2.136747] sd 2:0:1:0: [sdb] 20480 512-byte logical blocks: (10.5 MB/10.0 MiB)
[    2.146750] sd 2:0:0:0: [sda] Incomplete mode parameter data
[    2.169755] sd 2:0:0:0: [sda] Assuming drive cache: write through
[    2.245285] sd 2:0:1:0: [sdb] Write Protect is off
[    2.351401] sd 2:0:1:0: [sdb] Incomplete mode parameter data
[    2.385347] sd 2:0:1:0: [sdb] Assuming drive cache: write through
[    2.499165]  sda: sda1
[    2.563126] sd 2:0:0:0: [sda] Attached SCSI disk
[    2.644901] sd 2:0:1:0: [sdb] Attached SCSI disk
[    2.830468] e1000 0000:00:03.0 eth0: (PCI:33MHz:32-bit) 02:85:b4:6d:51:fa
[    2.921285] e1000 0000:00:03.0 eth0: Intel(R) PRO/1000 Network Connection
[    3.377330] e1000 0000:00:08.0 eth1: (PCI:33MHz:32-bit) 08:00:27:b1:0a:67
[    3.427214] e1000 0000:00:08.0 eth1: Intel(R) PRO/1000 Network Connection
[    3.491762] e1000 0000:00:08.0 enp0s8: renamed from eth1
[    3.549448] e1000 0000:00:03.0 enp0s3: renamed from eth0
Begin: Loading essential drivers ... [    5.005875] raid6: sse2x1   gen() 11752 MB/s
[    5.088119] raid6: sse2x1   xor()  7840 MB/s
[    5.136062] raid6: sse2x2   gen() 11069 MB/s
[    5.184167] raid6: sse2x2   xor()  7316 MB/s
[    5.232143] raid6: sse2x4   gen()  9310 MB/s
[    5.280058] raid6: sse2x4   xor()  6766 MB/s
[    5.329254] raid6: avx2x1   gen() 20881 MB/s
[    5.388378] raid6: avx2x1   xor() 15177 MB/s
[    5.444530] raid6: avx2x2   gen() 24631 MB/s
[    5.580361] raid6: avx2x2   xor() 14994 MB/s
[    5.636064] raid6: avx2x4   gen() 18276 MB/s
[    5.704121] raid6: avx2x4   xor() 15724 MB/s
[    5.728389] raid6: using algorithm avx2x2 gen() 24631 MB/s
[    5.732619] raid6: .... xor() 14994 MB/s, rmw enabled
[    5.753247] raid6: using avx2x2 recovery algorithm
[    5.763482] xor: automatically using best checksumming function   avx       
[    5.789214] async_tx: api initialized (async)
done.
Begin: Running /scripts/init-premount ... done.
Begin: Mounting root file system ... Begin: Running /scripts/local-top ... done.
Begin: Running /scripts/local-premount ... [    5.862163] Btrfs loaded, crc32c=crc32c-intel
Scanning for Btrfs filesystems
done.
Warning: fsck no[    5.920554] EXT4-fs (sda1): mounted filesystem with ordered data mode. Opts: (null)
t present, so skipping root file system
done.
Begin: Running /scripts/local-bottom ... done.
Begin: Running /scripts/init-bottom ... done.
[    6.226401] ip_tables: (C) 2000-2006 Netfilter Core Team
[    6.253153] systemd[1]: systemd 237 running in system mode. (+PAM +AUDIT +SELINUX +IMA +APPARMOR +SMACK +SYSVINIT +UTMP +LIBCRYPTSETUP +GCRYPT +GNUTLS +ACL +XZ +LZ4 +SECCOMP +BLKID +ELFUTILS +KMOD -IDN2 +IDN -PCRE2 default-hierarchy=hybrid)
[    6.329664] systemd[1]: Detected virtualization oracle.
[    6.336440] systemd[1]: Detected architecture x86-64.

Welcome to [1mUbuntu 18.04.1 LTS[0m!

[    6.352447] systemd[1]: Set hostname to <ubuntu>.
[    6.358009] systemd[1]: Initializing machine ID from random generator.
[    6.360362] systemd[1]: Installed transient /etc/machine-id file.
[    6.660131] systemd[1]: Reached target Swap.
[[0;32m  OK  [0m] Reached target Swap.
[    6.709292] systemd[1]: Created slice User and Session Slice.
[[0;32m  OK  [0m] Created slice User and Session Slice.
[    6.776803] systemd[1]: Reached target User and Group Name Lookups.
[[0;32m  OK  [0m] Reached target User and Group Name Lookups.
[    6.811319] systemd[1]: Set up automount Arbitrary Executable File Formats File System Automount Point.
[[0;32m  OK  [0m] Set up automount Arbitrary Executabâ€¦rmats File System Automount Point.
[[0;32m  OK  [0m] Started Forward Password Requests to Wall Directory Watch.
[[0;32m  OK  [0m] Created slice System Slice.
[[0;32m  OK  [0m] Listening on Journal Socket.
         Mounting POSIX Message Queue File System...
         Mounting Kernel Debug File System...
         Mounting Huge Pages File System...
         Starting Set the console keyboard layout...
         Starting Remount Root and Kernel File Systems...
         Starting Create list of required stâ€¦ce nodes for the current kernel...
[[0;32m  OK  [0m] Created slice system-serial\x2dgetty.slice.[    7.093219] EXT4-fs (sda1): re-mounted. Opts: (null)

[[0;32m  OK  [0m] Listening on LVM2 poll daemon socket.
[[0;32m  OK  [0m] Listening on Syslog Socket.
[[0;32m  OK  [0m] Listening on LVM2 metadata daemon socket.
         Starting Uncomplicated firewall...
[[0;32m  OK  [0m] Listening on udev Kernel Socket.
[[0;32m  OK  [0m] Reached target System Time Synchronized.
[[0;32m  OK  [0m] Listening on Journal Audit Socket.
[[0;32m  OK  [0m] Listening on udev Control Socket.
[[0;32m  OK  [0m] Reached target Slices.
         Starting udev Coldplug all Devices...
[[0;32m  OK  [0m] Listening on Journal Socket (/dev/log).
         Starting Journal Service...
[[0;32m  OK  [0m] Listening on /dev/initctl Compatibility Named Pipe.
[[0;32m  OK  [0m] Listening on Device-mapper event daemon FIFOs.
         Starting Monitoring of LVM2 mirrorsâ€¦ng dmeventd or progress polling...
         Starting Load Kernel Modules...
[[0;32m  OK  [0m] Listening on Network Service Netlink Socket.
[[0;32m  OK  [0m] Started Journal Service.
[[0;32m  OK  [0m] Mounted POSIX Message Queue File System.
[[0;32m  OK  [0[    7.481652] Loading iSCSI transport class v2.0-870.
m] Mounted Kernel Debug File System.
[[0;32m  OK  [0[    7.492483] iscsi: registered transport (tcp)
m] Mounted Huge Pages File System.
[[0;32m  OK  [0m] Started Set the console keyboard layout.
[[0;32m  OK  [0m] Started Remount Root and Kernel File Systems.
[[0;32m  OK  [0m] Started Create list of required staâ€¦vice nodes for the current kernel.
[[0;32m  OK  [0m] Started Uncomplicated firewall.
[[0;32m  OK  [0m] Started LVM2 metadata daemon.
         Starting Create Static Device Nodes in /dev...
         Starting Initial cloud-init job (pre-networking)...
[    7.607946] random: crng init done
[    7.610973] random: 7 urandom warning(s) missed due to ratelimiting
         Starting Load/Save Random Seed...
[    7.668154] iscsi: registered transport (iser)
         Starting Flush Journal to Persistent Storage...
[[0;32m  OK  [0m] Started Monitoring of LVM2 mirrors,â€¦sing dmeventd or progress polling.
[[0;32m  OK  [0m] Started Load Kernel Modules.
[[0;32m  OK  [0m] Started udev Coldplug all Devices.
[[0;32m  OK  [0m] Started Create Static Device Nodes in /dev.
[[0;32m  OK  [0m] Started Load/Save Random Seed.
         Starting udev Kernel Device Manager...
         Mounting Kernel Configuration File System...
         Starting Apply Kernel Variables...
         Mounting FUSE Control File System...
[[0;32m  OK  [0m] Reached target Local File Systems (Pre).
[[0;32m  OK  [0m] Reached target Local File Systems.
         Starting AppArmor initialization...
         Starting ebtables ruleset management...
         Starting Commit a transient machine-id on disk...
         Starting Set console font and keymap...
         Starting Tell Plymouth To Write Out Runtime Data...
[[0;32m  OK  [0m] Started udev Kernel Device Manager.
[[0;32m  OK  [0m] Mounted Kernel Configuration File System.
[[0;32m  OK  [0m] Started Apply Kernel Variables.
[[0;32m  OK  [0m] Mounted FUSE Control File System.
[[0;32m  OK  [0m] Started Commit a transient machine-id on disk.
[[0;32m  OK  [0m] Started Set console font and keymap.
[[0;32m  OK  [0m] Started Tell Plymouth To Write Out Runtime Data.
[[0;32m  OK  [0m] Started Dispatch Password Requests to Console Directory Watch.
[[0;32m  OK  [0m] Reached target Local Encrypted Volumes.
[[0;32m  OK  [0m] Started Flush Journal to Persistent Storage.
[[0;32m  OK  [0m] Started ebtables ruleset management.
         Starting Create Volatile Files and Directories...
[[0;32m  OK  [0m] Started Create Volatile Files and Directories.
         Starting Update UTMP about System Boot/Shutdown...
[[0;32m  OK  [0m] Started Update UTMP about System Boot/Shutdown.
[[0;32m  OK  [0m] Found device /dev/ttyS0.
[[0;32m  OK  [0m] Listening on Load/Save RF Kill Switch Status /dev/rfkill Watch.
[   10.229091] cloud-init[401]: Cloud-init v. 18.4-0ubuntu1~18.04.1 running 'init-local' at Wed, 14 Nov 2018 12:06:11 +0000. Up 9.36 seconds.
[[0;32m  OK  [0m] Started Initial cloud-init job (pre-networking).
[[0;32m  OK  [0m] Reached target Network (Pre).
         Starting Network Service...
[[0;32m  OK  [0m] Started Network Service.
         Starting Network Name Resolution...
         Starting Wait for Network to be Configured...
[[0;32m  OK  [0m] Started AppArmor initialization.
[[0;32m  OK  [0m] Started Network Name Resolution.
[[0;32m  OK  [0m] Reached target Network.
[[0;32m  OK  [0m] Reached target Host and Network Name Lookups.
[[0;32m  OK  [0m] Started Wait for Network to be Configured.
         Starting Initial cloud-init job (metadata service crawler)...
[   13.924134] cloud-init[605]: Cloud-init v. 18.4-0ubuntu1~18.04.1 running 'init' at Wed, 14 Nov 2018 12:06:15 +0000. Up 12.93 seconds.
[   13.942985] cloud-init[605]: ci-info: ++++++++++++++++++++++++++++++++++++++Net device info+++++++++++++++++++++++++++++++++++++++
[   13.968430] cloud-init[605]: ci-info: +--------+-------+----------------------------+---------------+--------+-------------------+
[   13.980736] cloud-init[605]: ci-info: | Device |   Up  |          Address           |      Mask     | Scope  |     Hw-Address    |
[   14.000940] cloud-init[605]: ci-info: +--------+-------+----------------------------+---------------+--------+-------------------+
[   14.022003] cloud-init[605]: ci-info: | enp0s3 |  True |         10.0.2.15          | 255.255.255.0 | global | 02:85:b4:6d:51:fa |
[   14.047179] cloud-init[605]: ci-info: | enp0s3 |  True | fe80::85:b4ff:fe6d:51fa/64 |       .       |  link  | 02:85:b4:6d:51:fa |
[[0;32m  OK  [0m[   14.076475] cloud-init[605]: ci-info: | enp0s8 | False |             .              |       .       |   .    | 08:00:27:b1:0a:67 |
[   14.076540] cloud-init[605]: ci-info: |   lo   |  True |         127.0.0.1          |   255.0.0.0   |  host  |         .         |
[   14.076582] cloud-init[605]: ci-info: |   lo   |  True |          ::1/128           |       .       |  host  |         .         |
[   14.076631] cloud-init[605]: ci-info: +--------+-------+----------------------------+---------------+--------+-------------------+
[   14.076720] cloud-init[605]: ci-info: ++++++++++++++++++++++++++++Route IPv4 info+++++++++++++++++++++++++++++
[   14.076802] cloud-init[605]: ci-info: +-------+-------------+----------+-----------------+-----------+-------+
[   14.076913] cloud-init[605]: ci-info: | Route | Destination | Gateway  |     Genmask     | Interface | Flags |
[   14.076996] cloud-init[605]: ci-info: +-------+-------------+----------+-----------------+-----------+-------+
[   14.077055] cloud-init[605]: ci-info: |   0   |   0.0.0.0   | 10.0.2.2 |     0.0.0.0     |   enp0s3  |   UG  |
[   14.077090] cloud-init[605]: ci-info: |   1   |   10.0.2.0  | 0.0.0.0  |  255.255.255.0  |   enp0s3  |   U   |
[   14.077118] cloud-init[605]: ci-info: |   2   |   10.0.2.2  | 0.0.0.0  | 255.255.255.255 |   enp0s3  |   UH  |
[   14.077149] cloud-init[605]: ci-info: +-------+-------------+----------+-----------------+-----------+-------+
[   14.077176] cloud-init[605]: ci-info: +++++++++++++++++++Route IPv6 info+++++++++++++++++++
[   14.077208] cloud-init[605]: ci-info: +-------+-------------+---------+-----------+-------+
[   14.077242] cloud-init[605]: ci-info: | Route | Destination | Gateway | Interface | Flags |
[   14.077275] cloud-init[605]: ci-info: +-------+-------------+---------+-----------+-------+
[   14.077362] cloud-init[605]: ci-info: |   1   |  fe80::/64  |    ::   |   enp0s3  |   U   |
[   14.077400] cloud-init[605]: ci-info: |   3   |    local    |    ::   |   enp0s3  |   U   |
[   14.077428] cloud-init[605]: ci-info: |   4   |   ff00::/8  |    ::   |   enp0s3  |   U   |
[   14.077462] cloud-init[605]: ci-info: +-------+-------------+---------+-----------+-------+
[   14.077491] cloud-init[605]: Generating public/private rsa key pair.
[   14.078258] cloud-init[605]: Your identification has been saved in /etc/ssh/ssh_host_rsa_key.
[   14.078365] cloud-init[605]: Your public key has been saved in /etc/ssh/ssh_host_rsa_key.pub.
[   14.078424] cloud-init[605]: The key fingerprint is:
[   14.078480] cloud-init[605]: SHA256:oupBuXzYLRMZSsyBcmUOW1TyBJu/BjpE5Nmkd8fj74s root@ubuntu-bionic
[   14.078532] cloud-init[605]: The key's randomart image is:
[   14.078585] cloud-init[605]: +---[RSA 2048]----+
[   14.078640] cloud-init[605]: | .+oOoo          |
[   14.078692] cloud-init[605]: |o=.% * .         |
[   14.078861] cloud-init[605]: |..X B o +        |
[   14.079034] cloud-init[605]: | o + = o .       |
[   14.079074] cloud-init[605]: |  = + o S        |
[   14.079117] cloud-init[605]: | + = = o .       |
[   14.079157] cloud-init[605]: |  B * +   .      |
[   14.079202] cloud-init[605]: |   = +   o       |
[   14.080049] cloud-init[605]: | .o     E o.     |
[   14.080111] cloud-init[605]: +----[SHA256]-----+
[   14.080160] cloud-init[605]: Generating public/private dsa key pair.
[   14.080221] cloud-init[605]: Your identification has been saved in /etc/ssh/ssh_host_dsa_key.
[   14.080274] cloud-init[605]: Your public key has been saved in /etc/ssh/ssh_host_dsa_key.pub.
[   14.080340] cloud-init[605]: The key fingerprint is:
] Started Initial cloud-init job (metadata service crawler).
[[0;32m  OK  [0m] Reached target Cloud-config availability.
[[0;32m  OK  [0m] Reached target System Initialization.[   14.084419] cloud-init[605]: SHA256:fr0MFKNZ/FuWADII0IqXfONF68T4zWXWWQmRdxdWUKM root@ubuntu-bionic
[   14.741690] cloud-init[605]: The key's randomart image is:
[   14.741806] cloud-init[605]: +---[DSA 1024]----+
[   14.741877] cloud-init[605]: |  .o.. .o . o+.B=|
[   14.742140] cloud-init[605]: |    . o  + .. * +|
[   14.742202] cloud-init[605]: | o o + .  =..E ..|
[   14.742245] cloud-init[605]: |. = + =  +++o. . |
[   14.742279] cloud-init[605]: | . o * oS+. . +  |
[   14.742309] cloud-init[605]: |    . o.o. . +   |
[   14.742340] cloud-init[605]: |        . o o    |
[   14.742369] cloud-init[605]: |         . o .   |
[   14.742401] cloud-init[605]: |            o    |
[   14.742436] cloud-init[605]: +----[SHA256]-----+
[   14.742466] cloud-init[605]: Generating public/private ecdsa key pair.
[   14.742499] cloud-init[605]: Your identification has been saved in /etc/ssh/ssh_host_ecdsa_key.
[   14.742534] cloud-init[605]: Your public key has been saved in /etc/ssh/ssh_host_ecdsa_key.pub.
[   14.742567] cloud-init[605]: The key fingerprint is:
[   14.742598] cloud-init[605]: SHA256:Yi9/QIv+Ta06KC++YjW6ver7P8jz3u9pYmhMrQ9nEQE root@ubuntu-bionic
[   14.742632] cloud-init[605]: The key's randomart image is:
[   14.742662] cloud-init[605]: +---[ECDSA 256]---+
[   14.742695] cloud-init[605]: |      E..        |
[   14.742727] cloud-init[605]: |         .       |
[   14.742761] cloud-init[605]: |        .        |
[   14.742806] cloud-init[605]: |        ..       |
[   14.742835] cloud-init[605]: |      o+S.       |
[   14.742868] cloud-init[605]: |    o.oo+. .     |
[   14.742900] cloud-init[605]: |   + *o++.. .    |
[   14.742931] cloud-init[605]: |  +.* OB+ooo     |
[   14.742960] cloud-init[605]: | o=B*%==*O*      |
[   14.742988] cloud-init[605]: +----[SHA256]-----+
[   14.743016] cloud-init[605]: Generating public/private ed25519 key pair.
[   14.743046] cloud-init[605]: Your identification has been saved in /etc/ssh/ssh_host_ed25519_key.
[   14.743078] cloud-init[605]: Your public key has been saved in /etc/ssh/ssh_host_ed25519_key.pub.
[   14.743114] cloud-init[605]: The key fingerprint is:
[   14.743956] cloud-init[605]: SHA256:e9eHXJmundSD4zQayyN7TKqBL7E6jKJmqVXaJxy/Ldo root@ubuntu-bionic
[   14.744001] cloud-init[605]: The key's randomart image is:
[   14.744033] cloud-init[605]: +--[ED25519 256]--+
[   14.744067] cloud-init[605]: |                 |
[   14.744099] cloud-init[605]: |                 |
[   14.744128] cloud-init[605]: |                 |

[   14.744257] cloud-init[[0;32m  OK  [0m] Started ACPI Events Check.
[[0;32m  OK  [0m] Reached target Paths.
[605]: |                o|
[   15.026431] cloud-init[605]: |    o   S      o.|
         Starting Socket activation for snappy daemon.
[[0;32m  OK  [0m] Started Daily apt download activities.
[   15.049720] cloud-init[605]: |   = +.  . . ooo.|
[   15.088611] cloud-init[605]: |  * +.=.. =..=++o|
[[0;32m  OK  [0m] Listening on Open-iSCSI iscsid Socket.
[[0;32m  OK  [0m] Listening on UUID daemon activation socket.
[[0;32m  OK  [0m] Listening on ACPID Listen Socket.
[[0;32m  OK  [0m] Started Discard unused blocks once a week.
[   15.093542] cloud-init[605]: |.* o *oo.+.=* *.o|
[   15.153646] cloud-init[605]: |O  .+.E+o.++.o o |         Starting LXD - unix socket.
[[0;32m  OK  [0m] Started Daily apt upgrade and clean activities.
[[0;32m  OK  [0m] Started Daily Cleanup of Temporary Directories.
[[0;32m  OK  [0m] Started Message of the Day.
[[0;32m  OK  [0m] Reached target Timers.
[[0;32m  OK  [0m] Listening on D-Bus System Message Bus Socket.
[[0;32m  OK  [0m] Reached target Network is Online.

[[0;32m  OK  [0m] Reached target Remote File Systems (Pre).
[   15.211113] cloud-init[605]: +----[SHA256]-----+
[[0;32m  OK  [0m] Reached target Remote File Systems.
         Starting Availability of block devices...
[[0;32m  OK  [0m] Listening on Socket activation for snappy daemon.
[[0;32m  OK  [0m] Listening on LXD - unix socket.
[[0;32m  OK  [0m] Started Availability of block devices.
[[0;32m  OK  [0m] Reached target Sockets.
[[0;32m  OK  [0m] Reached target Basic System.
[[0;32m  OK  [0m] Started Regular background program processing daemon.
[[0;32m  OK  [0m] Started FUSE filesystem for LXC.
         Starting Permit User Sessions...
         Starting System Logging Service...
[[0;32m  OK  [0m] Started Deferred execution scheduler.
         Starting LXD - container startup/shutdown...
         Starting Dispatcher daemon for systemd-networkd...
         Starting LSB: Record successful boot for GRUB...
[[0;32m  OK  [0m] Started irqbalance daemon.
         Starting Accounts Service...
         Starting Login Service...
         Starting LSB: automatic crash report generation...
[[0;32m  OK  [0m] Started D-Bus System Message Bus.
[[0;32m  OK  [0m] Started Login Service.
         Starting Pollinate to seed the pseudo random number generator...
         Starting Snappy daemon...
[[0;32m  OK  [0m] Started Unattended Upgrades Shutdown.
         Starting Virtualbox guest utils...
[[0;32m  OK  [0m] Started System Logging Service.
[[0;32m  OK  [0m] Started Permit User Sessions.
         Starting Authorization Manager...
         Starting Hold until boot process finishes up...
         Starting Terminate Plymouth Boot Screen...
[[0;32m  OK  [0m] Started LXD - container startup/shutdown.
[[0;32m  OK  [0m] Started Hold until boot process finishes up.
         Starting Set console scheme...
[[0;32m  OK  [0m] Started Serial Getty on ttyS0.
[[0;32m  OK  [0m] Started Terminate Plymouth Boot Screen.
[[0;32m  OK  [0m] Started LSB: automatic crash report generation.
[[0;32m  OK  [0m] Started Set console scheme.
[[0;32m  OK  [0m] Created slice system-getty.slice.
[[0;32m  OK  [0m] Started Getty on tty1.
[[0;32m  OK  [0m] Reached target Login Prompts.
[[0;32m  OK  [0m] Started LSB: Record successful boot for GRUB.
[[0;32m  OK  [0m] Started Authorization Manager.
[[0;32m  OK  [0m] Started Accounts Service.
[[0;32m  OK  [0m] Started Dispatcher daemon for systemd-networkd.
[[0;32m  OK  [0m] Started Snappy daemon.
         Starting Wait until snapd is fully seeded...
[[0;32m  OK  [0m] Started Virtualbox guest utils.
[[0;32m  OK  [0m] Started Pollinate to seed the pseudo random number generator.
         Starting OpenBSD Secure Shell server...
[[0;32m  OK  [0m] Started OpenBSD Secure Shell server.
[[0;32m  OK  [0m] Created slice User Slice of vagrant.
         Starting User Manager for UID 1000...
[[0;32m  OK  [0m] Started Session 1 of user vagrant.
[[0;32m  OK  [0m] Started User Manager for UID 1000.
[[0;32m  OK  [0m] Started Wait until snapd is fully seeded.
[[0;32m  OK  [0m] Reached target Multi-User System.
[[0;32m  OK  [0m] Reached target Graphical Interface.
         Starting Update UTMP about System Runlevel Changes...
         Starting Apply the settings specified in cloud-config...
[[0;32m  OK  [0m] Started Update UTMP about System Runlevel Changes.
[   20.689418] cloud-init[1062]: Cloud-init v. 18.4-0ubuntu1~18.04.1 running 'modules:config' at Wed, 14 Nov 2018 12:06:22 +0000. Up 19.97 seconds.
         Stopping User Manager for UID 1000...
[[0;32m  OK  [0m] Stopped User Manager for UID 1000.
[[0;32m  OK  [0m] Removed slice User Slice of vagrant.
[[0;32m  OK  [0m] Started Apply the settings specified in cloud-config.
         Starting Execute cloud user/final scripts...

Ubuntu 18.04.1 LTS ubuntu-bionic ttyS0

ubuntu-bionic login: ci-info: no authorized ssh keys fingerprints found for user ubuntu.
<14>Nov 14 12:06:24 ec2: 
<14>Nov 14 12:06:24 ec2: #############################################################
<14>Nov 14 12:06:24 ec2: -----BEGIN SSH HOST KEY FINGERPRINTS-----
<14>Nov 14 12:06:24 ec2: 1024 SHA256:fr0MFKNZ/FuWADII0IqXfONF68T4zWXWWQmRdxdWUKM root@ubuntu-bionic (DSA)
<14>Nov 14 12:06:24 ec2: 256 SHA256:Yi9/QIv+Ta06KC++YjW6ver7P8jz3u9pYmhMrQ9nEQE root@ubuntu-bionic (ECDSA)
<14>Nov 14 12:06:24 ec2: 256 SHA256:e9eHXJmundSD4zQayyN7TKqBL7E6jKJmqVXaJxy/Ldo root@ubuntu-bionic (ED25519)
<14>Nov 14 12:06:24 ec2: 2048 SHA256:oupBuXzYLRMZSsyBcmUOW1TyBJu/BjpE5Nmkd8fj74s root@ubuntu-bionic (RSA)
<14>Nov 14 12:06:24 ec2: -----END SSH HOST KEY FINGERPRINTS-----
<14>Nov 14 12:06:24 ec2: #############################################################
-----BEGIN SSH HOST KEY KEYS-----
ecdsa-sha2-nistp256 AAAAE2VjZHNhLXNoYTItbmlzdHAyNTYAAAAIbmlzdHAyNTYAAABBBG08XpI1QymuPyD+JrzOg2MxoBGvCZp9eWkPzSRKPRQn0BGzMRxLIxuPXTBtcvAg+9R/MxDIcgc4xeHefkMyuow= root@ubuntu-bionic
ssh-ed25519 AAAAC3NzaC1lZDI1NTE5AAAAIJQGCAQfkVCphS98nR1HfoIvDyLmsZMpm5f6MNojmONV root@ubuntu-bionic
ssh-rsa AAAAB3NzaC1yc2EAAAADAQABAAABAQDJYUbCfiXqnjkMlEYV4Q3jNdMesnn67YgTcymmNPMk+6pZTOqIL/Du/mQBD8c5aByK+au6rI+kFZ/FRGGKRe5ySiLlgVC5CIQCeiuHxGZKF0Wy7bSj0akm7PZuK9Rmp4IfjHjduOyFDjwvQbGsszqHBUzzy92fBdJZUJEexrtSNhxCiEWtBc7jeTzmwOpmpLsfzU3mYzt353mYAnJfshY6ALkVXq3toEQqFFZA+2rLGqX87Hs9kzvYy3Yso/r55HYjW8bqwGY4Z3ryu5s1fdnXPpMWHpe2PXc2oEaX9NUubA+D7CJgnKSDKi5MEYJLBUqedMar+WL0pOlp76/gjQV9 root@ubuntu-bionic
-----END SSH HOST KEY KEYS-----
[   22.366488] cloud-init[1258]: Cloud-init v. 18.4-0ubuntu1~18.04.1 running 'modules:final' at Wed, 14 Nov 2018 12:06:24 +0000. Up 22.07 seconds.
[   22.366557] cloud-init[1258]: ci-info: no authorized ssh keys fingerprints found for user ubuntu.
[   22.366603] cloud-init[1258]: Cloud-init v. 18.4-0ubuntu1~18.04.1 finished at Wed, 14 Nov 2018 12:06:24 +0000. Datasource DataSourceNoCloud [seed=/dev/sdb][dsmode=net].  Up 22.34 seconds
